// Jest Snapshot v1, https://goo.gl/fbAQLP

exports[`Allows rendering of bools, undefined, null and empty strings 1`] = `
<div
  className="css-16ehm7c"
/>
`;

exports[`Empty container renders correctly 1`] = `
<div
  className="css-16ehm7c"
/>
`;
